Initialize line number.
Hello from test/a3_1.fxl
  at line 3
Hello again from test/a3_1.fxl
  at line 6
Hello yet again from test/a3_1.fxl
  at line 8
Value is 12
Missing value
Not a list
No result
Error: error
Error: foobar
Error: Device was busy
Error: Device was busy for 45 seconds
Error: Unknown device
Error: Unknown device id 77
We have: trade 100 XYZ -12408.95 USD 124 8.95
That's all
Press any key and then press enter: 
hello x = ping!ping!7 ch = 97
hello x = ping!ping!7 ch = 97
ping!3
ping!3
