beg f = ((C S) C)
end f = ((C S) C)
end g = S

beg f = C
end f = C
end g = C

beg f = (C C)
end f = (C C)
end g = (C C)

beg f = ((C C) C)
end f = ((C C) C)
end g = C

beg f = (((C C) C) ((C C) C))
end f = (C ((C C) C))
end g = (C ((C C) C))

beg f = (((S C) S) (C C))
end f = (((S C) S) (J (C C)))
end g = (C C)

beg f = ((C ((C C) C)) C)
end f = ((C ((C C) C)) C)
end g = C

beg f = (((S C) S) (((S C) S) (((S C) S) (((S C) S) ((C (S C)) C)))))
end f = (((S C) S) (J (S C)))
end g = (S C)

beg f = ((((C C) (C C)) ((C C) (C C))) (((C C) (C C)) ((C C) (C C))))
end f = ((C ((C C) (C C))) (C ((C C) (C C))))
end g = C

beg f = (((((S S) S) S) C) C)
end f = (((S (J C)) ((S (J S)) (J C))) (J C))
end g = C

beg f = (((S I) I) C)
end f = (((S I) I) (J C))
end g = (C (I (J C)))

beg f = (((S ((S C) C)) ((C C) C)) ((C S) C))
end f = (((S ((S C) C)) ((C C) C)) (J S))
end g = (S (((C C) C) (J S)))

beg f = (say "ping!")
end f = (say "ping!")
end g = (say "ping!")

beg f = (I (say "ping!"))
end f = (I (say "ping!"))
end g = (say "ping!")

beg f = C
end f = C
end g = C

beg f = (C C)
end f = (C C)
end g = (C C)

beg f = ((C C) C)
end f = ((C C) C)
end g = C

beg f = ((C S) C)
end f = ((C S) C)
end g = S

beg f = (((R ((R ((R ((L I) I)) ((S R) I))) ((S R) I))) ((S R) ((S R) I))) (say "ping!"))
ping!
ping!
ping!
ping!
ping!
ping!
ping!
ping!
ping!
ping!
ping!
ping!
end f = (((R ((R ((R ((L I) I)) ((S R) I))) ((S R) I))) ((S R) ((S R) I))) (say "ping!"))
end g = I

beg f = @
end f = @
end g = @

beg f = (@ C)
end f = (@ C)
end g = (C (@ C))

beg f = (@ I)
end f = (@ I)
end g = (I (@ I))

beg f = (@ @)
end f = (@ @)
end g = ((@ (@ @)) (@ (@ @)))

beg f = (((@ S) S) S)
end f = (((S (@ S)) S) (J S))
end g = (((S (@ S)) S) (J S))

beg f = "abc"
end f = "abc"
end g = "abc"

beg f = (I "abc")
end f = (I "abc")
end g = "abc"

beg f = ("abc" "de")
end f = ("abc" "de")
end g = ("abc" "de")

beg f = ((concat "abc") "de")
end f = ((concat "abc") "de")
end g = "abcde"

beg f = ((I (I "abc")) "de")
end f = ("abc" "de")
end g = ("abc" "de")

beg f = ((concat (I "abc")) "de")
end f = ((concat "abc") "de")
end g = "abcde"

beg f = ((concat (C "abc")) "de")
end f = ((concat (C "abc")) "de")
end g = ((concat (C "abc")) "de")

beg f = ((concat ((I I) "abc")) ((concat "") "de"))
end f = ((concat "abc") "de")
end g = "abcde"

beg f = 3.14159265358979
end f = 3.14159265358979
end g = 3.14159265358979

beg f = 42
end f = 42
end g = 42

beg f = (length "12345")
end f = (length "12345")
end g = 5

beg f = (length ((concat (I "abc")) ((concat "") "d")))
end f = (length "abcd")
end g = 4

beg f = (((slice ((C ((concat "abcd") "efghi")) S)) 2) 5)
end f = (((slice "abcdefghi") 2) 5)
end g = "cdefg"

beg f = ((+ -14.87) 482.73)
end f = ((+ -14.87) 482.73)
end g = 467.86

beg f = ((/ ((+ 1) (sqrt 5))) 2)
end f = ((/ 3.23606797749979) 2)
end g = 1.61803398874989

beg f = ((C "yes") "no")
end f = ((C "yes") "no")
end g = "yes"

beg f = ((F "yes") "no")
end f = (I "no")
end g = "no"

beg f = ((ge (I 5.9)) 5.8)
end f = ((ge 5.9) 5.8)
end g = C

beg f = ((lt 5.9) (I 5.8))
end f = ((lt 5.9) 5.8)
end g = F

beg f = ((ge (I "ab")) "a")
end f = ((ge "ab") "a")
end g = C

beg f = ((lt (I "ab")) (I "a"))
end f = ((lt "ab") "a")
end g = F

beg f = ((eq (I "x")) "x")
end f = ((eq "x") "x")
end g = C

beg f = ((eq (I -7.2)) -7.2)
end f = ((eq -7.2) -7.2)
end g = C

beg f = ((lt (I 5.9)) (I "ab"))
end f = ((lt 5.9) "ab")
end g = ((lt 5.9) "ab")

beg f = ((lt (I "ab")) (I 5.9))
end f = ((lt "ab") 5.9)
end g = ((lt "ab") 5.9)

beg f = ((eq (I S)) (I S))
end f = ((eq S) (I S))
end g = ((eq S) (I S))

beg f = (num_str ((/ ((+ 1) (sqrt 5))) 2))
end f = (num_str 1.61803398874989)
end g = "1.61803398874989"

beg f = (str_num ((concat "+") ((concat "1.") "61803398874989")))
end f = (str_num "+1.61803398874989")
end g = 1.61803398874989

beg f = (str_num (I 5.8))
end f = (str_num 5.8)
end g = (str_num 5.8)

beg f = (str_num (I S))
end f = (str_num S)
end g = (str_num S)

beg f = (((S ((S "x0") "x1")) "y") "z")
end f = (((S ((S "x0") "x1")) "y") (J "z"))
end g = ((("x0" (J "z")) ("x1" (J "z"))) ("y" (J "z")))

beg f = {x}
end f = {x}
end g = {x}

beg f = {"x"}
end f = {"x"}
end g = {"x"}

beg f = ({x} {"x"})
end f = {{x} {"x"}}
end g = {{x} {"x"}}

beg f = ({"x"} {x})
end f = {{"x"} {x}}
end g = {{"x"} {x}}

beg f = (I {{(I I) {x}} {C {y}}})
end f = (I {{(I I) {x}} {C {y}}})
end g = {{(I I) {x}} {C {y}}}

beg f = I
end f = I
end g = I

beg f = {C {x}}
end f = {C {x}}
end g = {C {x}}

beg f = {(L I) {y}}
end f = {(L I) {y}}
end g = {(L I) {y}}

beg f = {x}
end f = {x}
end g = {x}

beg f = {C {{y} {y}}}
end f = {C {{y} {y}}}
end g = {C {{y} {y}}}

beg f = {{R {y}} ((S I) I)}
end f = {{R {y}} ((S I) I)}
end g = {{R {y}} ((S I) I)}

beg f = {(L ((S I) I)) {y}}
end f = {(L ((S I) I)) {y}}
end g = {(L ((S I) I)) {y}}

beg f = {{S {(S I) {(L I) {"abc"}}}} {{S {y}} I}}
end f = {{S {(S I) {(L I) {"abc"}}}} {{S {y}} I}}
end g = {{S {(S I) {(L I) {"abc"}}}} {{S {y}} I}}

beg f = ?
end f = ?
end g = ?

beg f = ?
end f = ?
end g = ?

beg f = ?
end f = ?
end g = ?

beg f = put
end f = put
end g = put

beg f = (put (I "XYZ"))
end f = (put (I "XYZ"))
end g = (put (I "XYZ"))

beg f = ((put (I "XYZ")) {next})
XYZend f = ((put "XYZ") {next})
end g = {next}

beg f = ((put (I 3.14159265358979)) {next})
3.14159265358979end f = ((put 3.14159265358979) {next})
end g = {next}

beg f = ((put (C I)) {next})
end f = ((put (C I)) {next})
end g = ((put (C I)) {next})

beg f = nl
end f = nl
end g = nl

beg f = (nl {next})

end f = (nl {next})
end g = {next}

beg f = say
end f = say
end g = say

beg f = (say (I "XYZ"))
end f = (say (I "XYZ"))
end g = (say (I "XYZ"))

beg f = ((say (I "XYZ")) {next})
XYZ
end f = ((say "XYZ") {next})
end g = {next}

beg f = ((say (I 3.14159265358979)) {next})
3.14159265358979
end f = ((say 3.14159265358979) {next})
end g = {next}

beg f = ((say (C I)) {next})
end f = ((say (C I)) {next})
end g = ((say (C I)) {next})

beg f = (parse_string "")
end f = (parse_string "")
end g = ((R C) ((L I) (C ((L I) I))))

beg f = (parse_string " 	
x y")
end f = (parse_string " 	
x y")
end g = ((R C) ((L I) ((S ((R R) ((L ((L ((L I) F)) "y")) 2))) ((S ((R R) ((L ((L ((L I) F)) "x")) 2))) (C ((L I) I))))))

beg f = (parse_string "ab cd e")
end f = (parse_string "ab cd e")
end g = ((R C) ((L I) ((S ((R R) ((L ((L ((L I) F)) "e")) 1))) ((S ((R R) ((L ((L ((L I) F)) "cd")) 1))) ((S ((R R) ((L ((L ((L I) F)) "ab")) 1))) (C ((L I) I)))))))

beg f = (parse_string "abcdefghi;")
end f = (parse_string "abcdefghi;")
end g = ((R C) ((L I) ((S ((R R) ((L ((L ((L I) F)) "abcdefghi")) 1))) (C ((L I) ((L I) I))))))

beg f = (parse_string """")
end f = (parse_string """")
end g = ((R C) ((L I) ((S ((R R) ((L ((L ((L I) C)) "")) 1))) (C ((L I) I)))))

beg f = (parse_string ""a"")
end f = (parse_string ""a"")
end g = ((R C) ((L I) ((S ((R R) ((L ((L ((L I) C)) "a")) 1))) (C ((L I) I)))))

beg f = (parse_string ""abc
defg"")
end f = (parse_string ""abc
defg"")
end g = ((R C) ((L I) ((S ((R R) ((L ((L ((L I) C)) "abc
defg")) 1))) (C ((L I) I)))))

beg f = (parse_string """)
end f = (parse_string """)
end g = (C ((L ((L I) "Unclosed string")) 1))

beg f = (parse_string "
"a
b
")
end f = (parse_string "
"a
b
")
end g = (C ((L ((L I) "Unclosed string")) 2))

beg f = (parse_string "~| |")
end f = (parse_string "~| |")
end g = ((R C) ((L I) ((S ((R R) ((L ((L ((L I) C)) "")) 1))) (C ((L I) I)))))

beg f = (parse_string "~| a|")
end f = (parse_string "~| a|")
end g = ((R C) ((L I) ((S ((R R) ((L ((L ((L I) C)) "a")) 1))) (C ((L I) I)))))

beg f = (parse_string "~| a")
end f = (parse_string "~| a")
end g = (C ((L ((L I) "Unclosed string")) 1))

beg f = (parse_string "~END aEND")
end f = (parse_string "~END aEND")
end g = ((R C) ((L I) ((S ((R R) ((L ((L ((L I) C)) "a")) 1))) (C ((L I) I)))))

beg f = (parse_string "

~END
abcEN")
end f = (parse_string "

~END
abcEN")
end g = (C ((L ((L I) "Unclosed string")) 3))

beg f = (parse_string "~")
end f = (parse_string "~")
end g = (C ((L ((L I) "Incomplete string terminator")) 1))

beg f = (parse_string "~EN")
end f = (parse_string "~EN")
end g = (C ((L ((L I) "Incomplete string terminator")) 1))

beg f = (parse_string "~ABC abcdABAABC")
end f = (parse_string "~ABC abcdABAABC")
end g = ((R C) ((L I) ((S ((R R) ((L ((L ((L I) C)) "abcdABA")) 1))) (C ((L I) I)))))

beg f = (parse_string "~ABCD AABABCABCD")
end f = (parse_string "~ABCD AABABCABCD")
end g = ((R C) ((L I) ((S ((R R) ((L ((L ((L I) C)) "AABABC")) 1))) (C ((L I) I)))))

beg f = (parse_string " = y")
end f = (parse_string " = y")
end g = (C ((L ((L I) "Missing symbol declaration before '='")) 1))

beg f = (parse_string "ab cd e;")
end f = (parse_string "ab cd e;")
end g = ((R C) ((L I) ((S ((R R) ((L ((L ((L I) F)) "e")) 1))) ((S ((R R) ((L ((L ((L I) F)) "cd")) 1))) ((S ((R R) ((L ((L ((L I) F)) "ab")) 1))) (C ((L I) ((L ((R L) (R L))) I))))))))

beg f = (parse_string "ab cd e;f g")
end f = (parse_string "ab cd e;f g")
end g = ((R C) ((L I) ((S ((R R) ((L ((L ((L I) F)) "g")) 1))) ((S ((R R) ((L ((L ((L I) F)) "f")) 1))) ((S ((R R) ((L ((L ((L I) F)) "e")) 1))) ((S ((R R) ((L ((L ((L I) F)) "cd")) 1))) ((S ((R R) ((L ((L ((L I) F)) "ab")) 1))) (C ((L I) (R (R R)))))))))))

beg f = (parse_string "ab cd e;f g ; hi j;")
end f = (parse_string "ab cd e;f g ; hi j;")
end g = ((R C) ((L I) ((S ((R R) ((L ((L ((L I) F)) "j")) 1))) ((S ((R R) ((L ((L ((L I) F)) "hi")) 1))) ((S ((R R) ((L ((L ((L I) F)) "g")) 1))) ((S ((R R) ((L ((L ((L I) F)) "f")) 1))) ((S ((R R) ((L ((L ((L I) F)) "e")) 1))) ((S ((R R) ((L ((L ((L I) F)) "cd")) 1))) ((S ((R R) ((L ((L ((L I) F)) "ab")) 1))) (C ((L I) ((L ((R L) ((R (R L)) ((R (R (R R))) ((R (R (R R))) ((R (R (R R))) (R (R R)))))))) ((L (_ _)) _)))))))))))))

beg f = (parse_string "ab cd e\\fg h")
end f = (parse_string "ab cd e\\fg h")
end g = ((R C) ((L I) ((S ((R R) ((L ((L ((L I) F)) "e")) 1))) ((S ((R R) ((L ((L ((L I) F)) "cd")) 1))) ((S ((R R) ((L ((L ((L I) F)) "ab")) 1))) (C ((L I) I)))))))

beg f = (parse_string "ab cd e\x")
end f = (parse_string "ab cd e\x")
end g = ((R C) ((L I) ((S ((R R) ((L ((L ((L I) F)) "e")) 1))) ((S ((R R) ((L ((L ((L I) F)) "cd")) 1))) ((S ((R R) ((L ((L ((L I) F)) "ab")) 1))) (C ((L I) ((L ((R L) (R L))) (C I)))))))))

beg f = (parse_string "ab cd e\")
end f = (parse_string "ab cd e\")
end g = (C ((L ((L I) "Missing symbol after '\'")) 1))

beg f = (parse_string "\x=")
end f = (parse_string "\x=")
end g = (C ((L ((L I) "Missing definition")) 1))

beg f = (parse_string "\x=4")
end f = (parse_string "\x=4")
end g = ((R C) ((L I) ((S ((R R) ((L ((L ((L I) F)) "4")) 1))) (C ((L I) (C I))))))

beg f = (parse_string "\x\y\z x z; y z")
end f = (parse_string "\x\y\z x z; y z")
end g = ((R C) ((L I) (C ((L I) S))))

beg f = (parse_string "\x\y\z x; y z")
end f = (parse_string "\x\y\z x; y z")
end g = ((R C) ((L I) (C ((L I) R))))

beg f = (parse_string "\x\y\z x z y")
end f = (parse_string "\x\y\z x z y")
end g = ((R C) ((L I) (C ((L I) L))))

beg f = (parse_string "\x x")
end f = (parse_string "\x x")
end g = ((R C) ((L I) (C ((L I) I))))

beg f = (parse_string "\x\y x")
end f = (parse_string "\x\y x")
end g = ((R C) ((L I) (C ((L I) C))))

beg f = (parse_string "\x x x")
end f = (parse_string "\x x x")
end g = ((R C) ((L I) (C ((L I) ((S I) I)))))

beg f = (parse_string "\x=y x")
end f = (parse_string "\x=y x")
end g = ((R C) ((L I) ((S ((R R) ((L ((L ((L I) F)) "y")) 1))) (C ((L I) I)))))

beg f = (parse_string "\x=y y")
end f = (parse_string "\x=y y")
end g = ((R C) ((L I) ((S ((R R) ((L ((L ((L I) F)) "y")) 1))) (C ((L I) ((S C) I))))))

beg f = (parse_string "\y\x=y x x")
end f = (parse_string "\y\x=y x x")
end g = ((R C) ((L I) (C ((L I) ((S I) I)))))

beg f = (parse_string "\y\x=y y y")
end f = (parse_string "\y\x=y y y")
end g = ((R C) ((L I) (C ((L I) ((S ((R C) ((S I) I))) I)))))

beg f = (parse_string "()")
end f = (parse_string "()")
end g = ((R C) ((L I) (C ((L I) I))))

beg f = (parse_string "(
a
(b")
end f = (parse_string "(
a
(b")
end g = (C ((L ((L I) "Unclosed parenthesis")) 3))

beg f = (parse_string "(
a
(b)")
end f = (parse_string "(
a
(b)")
end g = (C ((L ((L I) "Unclosed parenthesis")) 1))

beg f = (parse_string "(
a
(b))")
end f = (parse_string "(
a
(b))")
end g = ((R C) ((L I) ((S ((R R) ((L ((L ((L I) F)) "b")) 3))) ((S ((R R) ((L ((L ((L I) F)) "a")) 2))) (C ((L I) I))))))

beg f = (parse_string "(ab cd e)
)")
end f = (parse_string "(ab cd e)
)")
end g = (C ((L ((L I) "Extraneous input")) 2))

beg f = (parse_file "missing.fxl")
end f = (parse_file "missing.fxl")
end g = (C ((L ((L I) "Missing file")) 1))

beg f = (parse_file "test/a2.fxl")
end f = (parse_file "test/a2.fxl")
end g = ((R C) ((L I) ((S ((R R) ((L ((L ((L I) C)) """)) 1))) ((S ((R R) ((L ((L ((L I) F)) "nl")) 7))) ((S ((R R) ((L ((L ((L I) F)) "put")) 6))) ((S ((R R) ((L ((L ((L I) C)) "ch = ")) 5))) ((S ((R R) ((L ((L ((L I) C)) "")) 4))) ((S ((R R) ((L ((L ((L I) F)) "eq")) 4))) ((S ((R R) ((L ((L ((L I) F)) "get")) 3))) ((S ((R R) ((L ((L ((L I) F)) "@")) 2))) (C ((L I) ((L ((R R) ((R R) ((R R) ((R R) ((R R) ((R _) _))))))) _)))))))))))))

beg f = (parse_file "test/utf8.fxl")
end f = (parse_file "test/utf8.fxl")
end g = ((R C) ((L I) ((S ((R R) ((L ((L ((L I) C)) "hej
åabcüdef
ghij
üä
1≠0
")) 11))) ((S ((R R) ((L ((L ((L I) C)) "hej åabcüdef")) 18))) ((S ((R R) ((L ((L ((L I) C)) "hej ghij")) 19))) ((S ((R R) ((L ((L ((L I) C)) "hej üä")) 20))) ((S ((R R) ((L ((L ((L I) C)) "hej 1≠0")) 21))) ((S ((R R) ((L ((L ((L I) C)) "grönsak")) 29))) ((S ((R R) ((L ((L ((L I) C)) "efterrätt")) 30))) ((S ((R R) ((L ((L ((L I) F)) "say")) 32))) ((S ((R R) ((L ((L ((L I) C)) "dessert ")) 32))) ((S ((R R) ((L ((_ _) _)) _))) _))))))))))))

beg f = (parse_string "say "hello"
say something
")
end f = (parse_string "say "hello"
say something
")
end g = ((R C) ((L I) ((S ((R R) ((L ((L ((L I) F)) "something")) 2))) ((S ((R R) ((L ((L ((L I) F)) "say")) 2))) ((S ((R R) ((L ((L ((L I) C)) "hello")) 1))) (C ((L I) ((L ((R S) (L I))) I))))))))

beg f = (is_str I)
end f = (is_str I)
end g = F

beg f = (is_str 4)
end f = (is_str 4)
end g = F

beg f = (is_str "x")
end f = (is_str "x")
end g = C

beg f = (is_str ((concat "x") "y"))
end f = (is_str "xy")
end g = C

beg f = (is_num "x")
end f = (is_num "x")
end g = F

beg f = (is_num 4.2)
end f = (is_num 4.2)
end g = C

beg f = (is_num ((* 3.9) 4.2))
end f = (is_num 16.38)
end g = C

beg f = (is_num (str_num "4.87"))
end f = (is_num 4.87)
end g = C

beg f = (is_num (str_num "  4.87"))
end f = (is_num 4.87)
end g = C

beg f = (is_num (str_num " 4.87 "))
end f = (is_num (str_num " 4.87 "))
end g = F

beg f = (is_num (str_num "4.87x"))
end f = (is_num (str_num "4.87x"))
end g = F

